Archive member included to satisfy reference by file (symbol)

d:/truestudio for stm32 9.1.0/armtools/bin/../lib/gcc/arm-atollic-eabi/6.3.1/../../../../arm-atollic-eabi/lib/armv7e-m/fpu\libc_nano.a(lib_a-errno.o)
                              Src\syscalls.o (__errno)
d:/truestudio for stm32 9.1.0/armtools/bin/../lib/gcc/arm-atollic-eabi/6.3.1/../../../../arm-atollic-eabi/lib/armv7e-m/fpu\libc_nano.a(lib_a-impure.o)
                              d:/truestudio for stm32 9.1.0/armtools/bin/../lib/gcc/arm-atollic-eabi/6.3.1/../../../../arm-atollic-eabi/lib/armv7e-m/fpu\libc_nano.a(lib_a-errno.o) (_impure_ptr)
d:/truestudio for stm32 9.1.0/armtools/bin/../lib/gcc/arm-atollic-eabi/6.3.1/../../../../arm-atollic-eabi/lib/armv7e-m/fpu\libc_nano.a(lib_a-init.o)
                              startup\startup_stm32f407xx.o (__libc_init_array)
d:/truestudio for stm32 9.1.0/armtools/bin/../lib/gcc/arm-atollic-eabi/6.3.1/../../../../arm-atollic-eabi/lib/armv7e-m/fpu\libc_nano.a(lib_a-malloc.o)
                              Middlewares\Third_Party\FatFs\src\option\syscall.o (malloc)
d:/truestudio for stm32 9.1.0/armtools/bin/../lib/gcc/arm-atollic-eabi/6.3.1/../../../../arm-atollic-eabi/lib/armv7e-m/fpu\libc_nano.a(lib_a-memset.o)
                              Src\main.o (memset)
d:/truestudio for stm32 9.1.0/armtools/bin/../lib/gcc/arm-atollic-eabi/6.3.1/../../../../arm-atollic-eabi/lib/armv7e-m/fpu\libc_nano.a(lib_a-nano-freer.o)
                              d:/truestudio for stm32 9.1.0/armtools/bin/../lib/gcc/arm-atollic-eabi/6.3.1/../../../../arm-atollic-eabi/lib/armv7e-m/fpu\libc_nano.a(lib_a-malloc.o) (_free_r)
d:/truestudio for stm32 9.1.0/armtools/bin/../lib/gcc/arm-atollic-eabi/6.3.1/../../../../arm-atollic-eabi/lib/armv7e-m/fpu\libc_nano.a(lib_a-nano-mallocr.o)
                              d:/truestudio for stm32 9.1.0/armtools/bin/../lib/gcc/arm-atollic-eabi/6.3.1/../../../../arm-atollic-eabi/lib/armv7e-m/fpu\libc_nano.a(lib_a-malloc.o) (_malloc_r)
d:/truestudio for stm32 9.1.0/armtools/bin/../lib/gcc/arm-atollic-eabi/6.3.1/../../../../arm-atollic-eabi/lib/armv7e-m/fpu\libc_nano.a(lib_a-sbrkr.o)
                              d:/truestudio for stm32 9.1.0/armtools/bin/../lib/gcc/arm-atollic-eabi/6.3.1/../../../../arm-atollic-eabi/lib/armv7e-m/fpu\libc_nano.a(lib_a-nano-mallocr.o) (_sbrk_r)
d:/truestudio for stm32 9.1.0/armtools/bin/../lib/gcc/arm-atollic-eabi/6.3.1/../../../../arm-atollic-eabi/lib/armv7e-m/fpu\libc_nano.a(lib_a-mlock.o)
                              d:/truestudio for stm32 9.1.0/armtools/bin/../lib/gcc/arm-atollic-eabi/6.3.1/../../../../arm-atollic-eabi/lib/armv7e-m/fpu\libc_nano.a(lib_a-nano-freer.o) (__malloc_lock)
d:/truestudio for stm32 9.1.0/armtools/bin/../lib/gcc/arm-atollic-eabi/6.3.1/../../../../arm-atollic-eabi/lib/armv7e-m/fpu\libc_nano.a(lib_a-reent.o)
                              d:/truestudio for stm32 9.1.0/armtools/bin/../lib/gcc/arm-atollic-eabi/6.3.1/../../../../arm-atollic-eabi/lib/armv7e-m/fpu\libc_nano.a(lib_a-sbrkr.o) (errno)
d:/truestudio for stm32 9.1.0/armtools/bin/../lib/gcc/arm-atollic-eabi/6.3.1/armv7e-m/fpu\libgcc.a(_aeabi_uldivmod.o)
                              Drivers\STM32F4xx_HAL_Driver\Src\stm32f4xx_hal_rcc.o (__aeabi_uldivmod)
d:/truestudio for stm32 9.1.0/armtools/bin/../lib/gcc/arm-atollic-eabi/6.3.1/armv7e-m/fpu\libgcc.a(_udivmoddi4.o)
                              d:/truestudio for stm32 9.1.0/armtools/bin/../lib/gcc/arm-atollic-eabi/6.3.1/armv7e-m/fpu\libgcc.a(_aeabi_uldivmod.o) (__udivmoddi4)
d:/truestudio for stm32 9.1.0/armtools/bin/../lib/gcc/arm-atollic-eabi/6.3.1/armv7e-m/fpu\libgcc.a(_dvmd_tls.o)
                              d:/truestudio for stm32 9.1.0/armtools/bin/../lib/gcc/arm-atollic-eabi/6.3.1/armv7e-m/fpu\libgcc.a(_aeabi_uldivmod.o) (__aeabi_ldiv0)

Allocating common symbols
Common symbol       size              file

hdma_sdio_rx        0x60              Src\sdio.o
retSD               0x1               Src\fatfs.o
errno               0x4               d:/truestudio for stm32 9.1.0/armtools/bin/../lib/gcc/arm-atollic-eabi/6.3.1/../../../../arm-atollic-eabi/lib/armv7e-m/fpu\libc_nano.a(lib_a-reent.o)
byteswritten        0x4               Src\main.o
uwTick              0x4               Drivers\STM32F4xx_HAL_Driver\Src\stm32f4xx_hal.o
pFlash              0x20              Drivers\STM32F4xx_HAL_Driver\Src\stm32f4xx_hal_flash.o
bytesread           0x4               Src\main.o
SDPath              0x4               Src\fatfs.o
hdma_sdio_tx        0x60              Src\sdio.o
rtext               0x64              Src\main.o
hsd                 0x84              Src\sdio.o
SDFile              0x230             Src\fatfs.o
res                 0x1               Src\main.o
SDFatFS             0x234             Src\fatfs.o

Discarded input sections

 .text          0x00000000        0x0 d:/truestudio for stm32 9.1.0/armtools/bin/../lib/gcc/arm-atollic-eabi/6.3.1/armv7e-m/fpu/crti.o
[...]
Memory Configuration

Name             Origin             Length             Attributes
RAM              0x20000000         0x00020000         xrw
CCMRAM           0x10000000         0x00010000         rw
FLASH            0x08000000         0x00100000         xr
*default*        0x00000000         0xffffffff

Linker script and memory map

LOAD d:/truestudio for stm32 9.1.0/armtools/bin/../lib/gcc/arm-atollic-eabi/6.3.1/armv7e-m/fpu/crti.o
LOAD d:/truestudio for stm32 9.1.0/armtools/bin/../lib/gcc/arm-atollic-eabi/6.3.1/armv7e-m/fpu/crtbegin.o
LOAD Drivers\STM32F4xx_HAL_Driver\Src\stm32f4xx_hal.o
LOAD Drivers\STM32F4xx_HAL_Driver\Src\stm32f4xx_hal_cortex.o
LOAD Drivers\STM32F4xx_HAL_Driver\Src\stm32f4xx_hal_dma.o
LOAD Drivers\STM32F4xx_HAL_Driver\Src\stm32f4xx_hal_dma_ex.o
LOAD Drivers\STM32F4xx_HAL_Driver\Src\stm32f4xx_hal_exti.o
LOAD Drivers\STM32F4xx_HAL_Driver\Src\stm32f4xx_hal_flash.o
LOAD Drivers\STM32F4xx_HAL_Driver\Src\stm32f4xx_hal_flash_ex.o
LOAD Drivers\STM32F4xx_HAL_Driver\Src\stm32f4xx_hal_flash_ramfunc.o
LOAD Drivers\STM32F4xx_HAL_Driver\Src\stm32f4xx_hal_gpio.o
LOAD Drivers\STM32F4xx_HAL_Driver\Src\stm32f4xx_hal_pwr.o
LOAD Drivers\STM32F4xx_HAL_Driver\Src\stm32f4xx_hal_pwr_ex.o
LOAD Drivers\STM32F4xx_HAL_Driver\Src\stm32f4xx_hal_rcc.o
LOAD Drivers\STM32F4xx_HAL_Driver\Src\stm32f4xx_hal_rcc_ex.o
LOAD Drivers\STM32F4xx_HAL_Driver\Src\stm32f4xx_hal_sd.o
LOAD Drivers\STM32F4xx_HAL_Driver\Src\stm32f4xx_hal_tim.o
LOAD Drivers\STM32F4xx_HAL_Driver\Src\stm32f4xx_hal_tim_ex.o
LOAD Drivers\STM32F4xx_HAL_Driver\Src\stm32f4xx_ll_sdmmc.o
LOAD Middlewares\Third_Party\FatFs\src\diskio.o
LOAD Middlewares\Third_Party\FatFs\src\ff.o
LOAD Middlewares\Third_Party\FatFs\src\ff_gen_drv.o
LOAD Middlewares\Third_Party\FatFs\src\option\cc936.o
LOAD Middlewares\Third_Party\FatFs\src\option\syscall.o
LOAD Src\bsp_driver_sd.o
LOAD Src\dma.o
LOAD Src\fatfs.o
LOAD Src\gpio.o
LOAD Src\main.o
LOAD Src\sd_diskio.o
LOAD Src\sdio.o
LOAD Src\stm32f4xx_hal_msp.o
LOAD Src\stm32f4xx_it.o
LOAD Src\syscalls.o
LOAD Src\system_stm32f4xx.o
LOAD startup\startup_stm32f407xx.o
                0x00000080                malloc_getpagesize_P = 0x80
START GROUP
LOAD d:/truestudio for stm32 9.1.0/armtools/bin/../lib/gcc/arm-atollic-eabi/6.3.1/../../../../arm-atollic-eabi/lib/armv7e-m/fpu\libc_nano.a
LOAD d:/truestudio for stm32 9.1.0/armtools/bin/../lib/gcc/arm-atollic-eabi/6.3.1/../../../../arm-atollic-eabi/lib/armv7e-m/fpu\libm.a
END GROUP
START GROUP
LOAD d:/truestudio for stm32 9.1.0/armtools/bin/../lib/gcc/arm-atollic-eabi/6.3.1/armv7e-m/fpu\libgcc.a
LOAD d:/truestudio for stm32 9.1.0/armtools/bin/../lib/gcc/arm-atollic-eabi/6.3.1/../../../../arm-atollic-eabi/lib/armv7e-m/fpu\libc_nano.a
END GROUP
START GROUP
LOAD d:/truestudio for stm32 9.1.0/armtools/bin/../lib/gcc/arm-atollic-eabi/6.3.1/armv7e-m/fpu\libgcc.a
LOAD d:/truestudio for stm32 9.1.0/armtools/bin/../lib/gcc/arm-atollic-eabi/6.3.1/../../../../arm-atollic-eabi/lib/armv7e-m/fpu\libc_nano.a
LOAD d:/truestudio for stm32 9.1.0/armtools/bin/../lib/gcc/arm-atollic-eabi/6.3.1/../../../../arm-atollic-eabi/lib/armv7e-m/fpu\libnosys.a
END GROUP
START GROUP
LOAD d:/truestudio for stm32 9.1.0/armtools/bin/../lib/gcc/arm-atollic-eabi/6.3.1/armv7e-m/fpu\libgcc.a
LOAD d:/truestudio for stm32 9.1.0/armtools/bin/../lib/gcc/arm-atollic-eabi/6.3.1/../../../../arm-atollic-eabi/lib/armv7e-m/fpu\libc_nano.a
LOAD d:/truestudio for stm32 9.1.0/armtools/bin/../lib/gcc/arm-atollic-eabi/6.3.1/../../../../arm-atollic-eabi/lib/armv7e-m/fpu\libnosys.a
END GROUP
LOAD d:/truestudio for stm32 9.1.0/armtools/bin/../lib/gcc/arm-atollic-eabi/6.3.1/armv7e-m/fpu/crtend.o
LOAD d:/truestudio for stm32 9.1.0/armtools/bin/../lib/gcc/arm-atollic-eabi/6.3.1/armv7e-m/fpu/crtn.o
                0x20020000                _estack = 0x20020000
                0x00000200                _Min_Heap_Size = 0x200
                0x00001000                _Min_Stack_Size = 0x1000

.isr_vector     0x08000000      0x188
                0x08000000                . = ALIGN (0x4)
 *(.isr_vector)
 .isr_vector    0x08000000      0x188 startup\startup_stm32f407xx.o
                0x08000000                g_pfnVectors
                0x08000188                . = ALIGN (0x4)

.text           0x08000188     0x76a4
                0x08000188                . = ALIGN (0x4)
 *(.text)
 .text          0x08000188       0x40 d:/truestudio for stm32 9.1.0/armtools/bin/../lib/gcc/arm-atollic-eabi/6.3.1/armv7e-m/fpu/crtbegin.o
 .text          0x080001c8       0x30 d:/truestudio for stm32 9.1.0/armtools/bin/../lib/gcc/arm-atollic-eabi/6.3.1/armv7e-m/fpu\libgcc.a(_aeabi_uldivmod.o)
                0x080001c8                __aeabi_uldivmod
 .text          0x080001f8      0x2dc d:/truestudio for stm32 9.1.0/armtools/bin/../lib/gcc/arm-atollic-eabi/6.3.1/armv7e-m/fpu\libgcc.a(_udivmoddi4.o)
                0x080001f8                __udivmoddi4
 .text          0x080004d4        0x4 d:/truestudio for stm32 9.1.0/armtools/bin/../lib/gcc/arm-atollic-eabi/6.3.1/armv7e-m/fpu\libgcc.a(_dvmd_tls.o)
                0x080004d4                __aeabi_idiv0
                0x080004d4                __aeabi_ldiv0
 *(.text*)
 .text.HAL_Init
                0x080004d8       0x44 Drivers\STM32F4xx_HAL_Driver\Src\stm32f4xx_hal.o
                0x080004d8                HAL_Init
 .text.HAL_InitTick
                0x0800051c       0x60 Drivers\STM32F4xx_HAL_Driver\Src\stm32f4xx_hal.o
                0x0800051c                HAL_InitTick
 .text.HAL_IncTick
                0x0800057c       0x28 Drivers\STM32F4xx_HAL_Driver\Src\stm32f4xx_hal.o
                0x0800057c                HAL_IncTick
 .text.HAL_GetTick
                0x080005a4       0x18 Drivers\STM32F4xx_HAL_Driver\Src\stm32f4xx_hal.o
                0x080005a4                HAL_GetTick
 .text.HAL_Delay
                0x080005bc       0x44 Drivers\STM32F4xx_HAL_Driver\Src\stm32f4xx_hal.o
                0x080005bc                HAL_Delay
 .text.__NVIC_SetPriorityGrouping
                0x08000600       0x48 Drivers\STM32F4xx_HAL_Driver\Src\stm32f4xx_hal_cortex.o
 .text.__NVIC_GetPriorityGrouping
                0x08000648       0x1c Drivers\STM32F4xx_HAL_Driver\Src\stm32f4xx_hal_cortex.o
 .text.__NVIC_EnableIRQ
                0x08000664       0x3c Drivers\STM32F4xx_HAL_Driver\Src\stm32f4xx_hal_cortex.o
 .text.__NVIC_SetPriority
                0x080006a0       0x54 Drivers\STM32F4xx_HAL_Driver\Src\stm32f4xx_hal_cortex.o
 .text.NVIC_EncodePriority
                0x080006f4       0x62 Drivers\STM32F4xx_HAL_Driver\Src\stm32f4xx_hal_cortex.o
 *fill*         0x08000756        0x2 
 .text.SysTick_Config
                0x08000758       0x44 Drivers\STM32F4xx_HAL_Driver\Src\stm32f4xx_hal_cortex.o
 .text.HAL_NVIC_SetPriorityGrouping
                0x0800079c       0x16 Drivers\STM32F4xx_HAL_Driver\Src\stm32f4xx_hal_cortex.o
                0x0800079c                HAL_NVIC_SetPriorityGrouping
 .text.HAL_NVIC_SetPriority
                0x080007b2       0x38 Drivers\STM32F4xx_HAL_Driver\Src\stm32f4xx_hal_cortex.o
                0x080007b2                HAL_NVIC_SetPriority
 .text.HAL_NVIC_EnableIRQ
                0x080007ea       0x1c Drivers\STM32F4xx_HAL_Driver\Src\stm32f4xx_hal_cortex.o
                0x080007ea                HAL_NVIC_EnableIRQ
 .text.HAL_SYSTICK_Config
                0x08000806       0x18 Drivers\STM32F4xx_HAL_Driver\Src\stm32f4xx_hal_cortex.o
                0x08000806                HAL_SYSTICK_Config
 *fill*         0x0800081e        0x2 
 .text.HAL_DMA_Init
                0x08000820      0x15c Drivers\STM32F4xx_HAL_Driver\Src\stm32f4xx_hal_dma.o
                0x08000820                HAL_DMA_Init
 .text.HAL_DMA_Abort_IT
                0x0800097c       0x44 Drivers\STM32F4xx_HAL_Driver\Src\stm32f4xx_hal_dma.o
                0x0800097c                HAL_DMA_Abort_IT
 .text.HAL_DMA_IRQHandler
                0x080009c0      0x314 Drivers\STM32F4xx_HAL_Driver\Src\stm32f4xx_hal_dma.o
                0x080009c0                HAL_DMA_IRQHandler
 .text.DMA_CalcBaseAndBitshift
                0x08000cd4       0x6c Drivers\STM32F4xx_HAL_Driver\Src\stm32f4xx_hal_dma.o
 .text.DMA_CheckFifoParam
                0x08000d40       0xf4 Drivers\STM32F4xx_HAL_Driver\Src\stm32f4xx_hal_dma.o
 .text.HAL_GPIO_Init
                0x08000e34      0x334 Drivers\STM32F4xx_HAL_Driver\Src\stm32f4xx_hal_gpio.o
                0x08000e34                HAL_GPIO_Init
 .text.HAL_RCC_OscConfig
                0x08001168      0x484 Drivers\STM32F4xx_HAL_Driver\Src\stm32f4xx_hal_rcc.o
                0x08001168                HAL_RCC_OscConfig
 .text.HAL_RCC_ClockConfig
                0x080015ec      0x1c4 Drivers\STM32F4xx_HAL_Driver\Src\stm32f4xx_hal_rcc.o
                0x080015ec                HAL_RCC_ClockConfig
 .text.HAL_RCC_GetSysClockFreq
                0x080017b0      0x1b0 Drivers\STM32F4xx_HAL_Driver\Src\stm32f4xx_hal_rcc.o
                0x080017b0                HAL_RCC_GetSysClockFreq
 .text.HAL_SD_Init
                0x08001960       0x56 Drivers\STM32F4xx_HAL_Driver\Src\stm32f4xx_hal_sd.o
                0x08001960                HAL_SD_Init
 *fill*         0x080019b6        0x2 
 .text.HAL_SD_InitCard
                0x080019b8       0xb8 Drivers\STM32F4xx_HAL_Driver\Src\stm32f4xx_hal_sd.o
                0x080019b8                HAL_SD_InitCard
 .text.HAL_SD_ReadBlocks
                0x08001a70      0x32e Drivers\STM32F4xx_HAL_Driver\Src\stm32f4xx_hal_sd.o
                0x08001a70                HAL_SD_ReadBlocks
 .text.HAL_SD_WriteBlocks
                0x08001d9e      0x2d0 Drivers\STM32F4xx_HAL_Driver\Src\stm32f4xx_hal_sd.o
                0x08001d9e                HAL_SD_WriteBlocks
 *fill*         0x0800206e        0x2 
 .text.HAL_SD_IRQHandler
                0x08002070      0x2cc Drivers\STM32F4xx_HAL_Driver\Src\stm32f4xx_hal_sd.o
                0x08002070                HAL_SD_IRQHandler
 .text.HAL_SD_ErrorCallback
                0x0800233c       0x14 Drivers\STM32F4xx_HAL_Driver\Src\stm32f4xx_hal_sd.o
                0x0800233c                HAL_SD_ErrorCallback
 .text.HAL_SD_GetCardCSD
                0x08002350      0x456 Drivers\STM32F4xx_HAL_Driver\Src\stm32f4xx_hal_sd.o
                0x08002350                HAL_SD_GetCardCSD
 .text.HAL_SD_GetCardInfo
                0x080027a6       0x58 Drivers\STM32F4xx_HAL_Driver\Src\stm32f4xx_hal_sd.o
                0x080027a6                HAL_SD_GetCardInfo
 .text.HAL_SD_ConfigWideBusOperation
                0x080027fe       0xf8 Drivers\STM32F4xx_HAL_Driver\Src\stm32f4xx_hal_sd.o
                0x080027fe                HAL_SD_ConfigWideBusOperation
 .text.HAL_SD_GetCardState
                0x080028f6       0x4a Drivers\STM32F4xx_HAL_Driver\Src\stm32f4xx_hal_sd.o
                0x080028f6                HAL_SD_GetCardState
 .text.SD_DMATxAbort
                0x08002940       0x7c Drivers\STM32F4xx_HAL_Driver\Src\stm32f4xx_hal_sd.o
 .text.SD_DMARxAbort
                0x080029bc       0x7c Drivers\STM32F4xx_HAL_Driver\Src\stm32f4xx_hal_sd.o
 .text.SD_InitCard
                0x08002a38      0x192 Drivers\STM32F4xx_HAL_Driver\Src\stm32f4xx_hal_sd.o
 .text.SD_PowerON
                0x08002bca      0x150 Drivers\STM32F4xx_HAL_Driver\Src\stm32f4xx_hal_sd.o
 .text.SD_SendStatus
                0x08002d1a       0x54 Drivers\STM32F4xx_HAL_Driver\Src\stm32f4xx_hal_sd.o
 .text.SD_WideBus_Enable
                0x08002d6e       0x9a Drivers\STM32F4xx_HAL_Driver\Src\stm32f4xx_hal_sd.o
 .text.SD_WideBus_Disable
                0x08002e08       0x9a Drivers\STM32F4xx_HAL_Driver\Src\stm32f4xx_hal_sd.o
 .text.SD_FindSCR
                0x08002ea2      0x190 Drivers\STM32F4xx_HAL_Driver\Src\stm32f4xx_hal_sd.o
 .text.SD_Read_IT
                0x08003032       0x50 Drivers\STM32F4xx_HAL_Driver\Src\stm32f4xx_hal_sd.o
 .text.SD_Write_IT
                0x08003082       0x4c Drivers\STM32F4xx_HAL_Driver\Src\stm32f4xx_hal_sd.o
 .text.SDIO_Init
                0x080030ce       0x56 Drivers\STM32F4xx_HAL_Driver\Src\stm32f4xx_ll_sdmmc.o
                0x080030ce                SDIO_Init
 .text.SDIO_ReadFIFO
                0x08003124       0x1a Drivers\STM32F4xx_HAL_Driver\Src\stm32f4xx_ll_sdmmc.o
                0x08003124                SDIO_ReadFIFO
 .text.SDIO_WriteFIFO
                0x0800313e       0x22 Drivers\STM32F4xx_HAL_Driver\Src\stm32f4xx_ll_sdmmc.o
                0x0800313e                SDIO_WriteFIFO
 .text.SDIO_PowerState_ON
                0x08003160       0x1c Drivers\STM32F4xx_HAL_Driver\Src\stm32f4xx_ll_sdmmc.o
                0x08003160                SDIO_PowerState_ON
 .text.SDIO_GetPowerState
                0x0800317c       0x1c Drivers\STM32F4xx_HAL_Driver\Src\stm32f4xx_ll_sdmmc.o
                0x0800317c                SDIO_GetPowerState
 .text.SDIO_SendCommand
                0x08003198       0x54 Drivers\STM32F4xx_HAL_Driver\Src\stm32f4xx_ll_sdmmc.o
                0x08003198                SDIO_SendCommand
 .text.SDIO_GetCommandResponse
                0x080031ec       0x1a Drivers\STM32F4xx_HAL_Driver\Src\stm32f4xx_ll_sdmmc.o
                0x080031ec                SDIO_GetCommandResponse
 .text.SDIO_GetResponse
                0x08003206       0x2a Drivers\STM32F4xx_HAL_Driver\Src\stm32f4xx_ll_sdmmc.o
                0x08003206                SDIO_GetResponse
 .text.SDIO_ConfigData
                0x08003230       0x58 Drivers\STM32F4xx_HAL_Driver\Src\stm32f4xx_ll_sdmmc.o
                0x08003230                SDIO_ConfigData
 .text.SDMMC_CmdBlockLength
                0x08003288       0x48 Drivers\STM32F4xx_HAL_Driver\Src\stm32f4xx_ll_sdmmc.o
                0x08003288                SDMMC_CmdBlockLength
 .text.SDMMC_CmdReadSingleBlock
                0x080032d0       0x48 Drivers\STM32F4xx_HAL_Driver\Src\stm32f4xx_ll_sdmmc.o
                0x080032d0                SDMMC_CmdReadSingleBlock
 .text.SDMMC_CmdReadMultiBlock
                0x08003318       0x48 Drivers\STM32F4xx_HAL_Driver\Src\stm32f4xx_ll_sdmmc.o
                0x08003318                SDMMC_CmdReadMultiBlock
 .text.SDMMC_CmdWriteSingleBlock
                0x08003360       0x48 Drivers\STM32F4xx_HAL_Driver\Src\stm32f4xx_ll_sdmmc.o
                0x08003360                SDMMC_CmdWriteSingleBlock
 .text.SDMMC_CmdWriteMultiBlock
                0x080033a8       0x48 Drivers\STM32F4xx_HAL_Driver\Src\stm32f4xx_ll_sdmmc.o
                0x080033a8                SDMMC_CmdWriteMultiBlock
 .text.SDMMC_CmdStopTransfer
                0x080033f0       0x48 Drivers\STM32F4xx_HAL_Driver\Src\stm32f4xx_ll_sdmmc.o
                0x080033f0                SDMMC_CmdStopTransfer
 .text.SDMMC_CmdSelDesel
                0x08003438       0x4a Drivers\STM32F4xx_HAL_Driver\Src\stm32f4xx_ll_sdmmc.o
                0x08003438                SDMMC_CmdSelDesel
 .text.SDMMC_CmdGoIdleState
                0x08003482       0x40 Drivers\STM32F4xx_HAL_Driver\Src\stm32f4xx_ll_sdmmc.o
                0x08003482                SDMMC_CmdGoIdleState
 .text.SDMMC_CmdOperCond
                0x080034c2       0x42 Drivers\STM32F4xx_HAL_Driver\Src\stm32f4xx_ll_sdmmc.o
                0x080034c2                SDMMC_CmdOperCond
 .text.SDMMC_CmdAppCommand
                0x08003504       0x48 Drivers\STM32F4xx_HAL_Driver\Src\stm32f4xx_ll_sdmmc.o
                0x08003504                SDMMC_CmdAppCommand
 .text.SDMMC_CmdAppOperCommand
                0x0800354c       0x4a Drivers\STM32F4xx_HAL_Driver\Src\stm32f4xx_ll_sdmmc.o
                0x0800354c                SDMMC_CmdAppOperCommand
 .text.SDMMC_CmdBusWidth
                0x08003596       0x48 Drivers\STM32F4xx_HAL_Driver\Src\stm32f4xx_ll_sdmmc.o
                0x08003596                SDMMC_CmdBusWidth
 .text.SDMMC_CmdSendSCR
                0x080035de       0x46 Drivers\STM32F4xx_HAL_Driver\Src\stm32f4xx_ll_sdmmc.o
                0x080035de                SDMMC_CmdSendSCR
 .text.SDMMC_CmdSendCID
                0x08003624       0x40 Drivers\STM32F4xx_HAL_Driver\Src\stm32f4xx_ll_sdmmc.o
                0x08003624                SDMMC_CmdSendCID
 .text.SDMMC_CmdSendCSD
                0x08003664       0x42 Drivers\STM32F4xx_HAL_Driver\Src\stm32f4xx_ll_sdmmc.o
                0x08003664                SDMMC_CmdSendCSD
 .text.SDMMC_CmdSetRelAdd
                0x080036a6       0x46 Drivers\STM32F4xx_HAL_Driver\Src\stm32f4xx_ll_sdmmc.o
                0x080036a6                SDMMC_CmdSetRelAdd
 .text.SDMMC_CmdSendStatus
                0x080036ec       0x48 Drivers\STM32F4xx_HAL_Driver\Src\stm32f4xx_ll_sdmmc.o
                0x080036ec                SDMMC_CmdSendStatus
 .text.SDMMC_GetCmdError
                0x08003734       0x54 Drivers\STM32F4xx_HAL_Driver\Src\stm32f4xx_ll_sdmmc.o
 .text.SDMMC_GetCmdResp1
                0x08003788      0x1cc Drivers\STM32F4xx_HAL_Driver\Src\stm32f4xx_ll_sdmmc.o
 .text.SDMMC_GetCmdResp2
                0x08003954       0x80 Drivers\STM32F4xx_HAL_Driver\Src\stm32f4xx_ll_sdmmc.o
 .text.SDMMC_GetCmdResp3
                0x080039d4       0x68 Drivers\STM32F4xx_HAL_Driver\Src\stm32f4xx_ll_sdmmc.o
 .text.SDMMC_GetCmdResp6
                0x08003a3c       0xdc Drivers\STM32F4xx_HAL_Driver\Src\stm32f4xx_ll_sdmmc.o
 .text.SDMMC_GetCmdResp7
                0x08003b18       0x74 Drivers\STM32F4xx_HAL_Driver\Src\stm32f4xx_ll_sdmmc.o
 .text.disk_status
                0x08003b8c       0x34 Middlewares\Third_Party\FatFs\src\diskio.o
                0x08003b8c                disk_status
 .text.disk_initialize
                0x08003bc0       0x4c Middlewares\Third_Party\FatFs\src\diskio.o
                0x08003bc0                disk_initialize
 .text.disk_read
                0x08003c0c       0x40 Middlewares\Third_Party\FatFs\src\diskio.o
                0x08003c0c                disk_read
 .text.disk_write
                0x08003c4c       0x40 Middlewares\Third_Party\FatFs\src\diskio.o
                0x08003c4c                disk_write
 .text.disk_ioctl
                0x08003c8c       0x3c Middlewares\Third_Party\FatFs\src\diskio.o
                0x08003c8c                disk_ioctl
 .text.ld_word  0x08003cc8       0x30 Middlewares\Third_Party\FatFs\src\ff.o
 .text.ld_dword
                0x08003cf8       0x46 Middlewares\Third_Party\FatFs\src\ff.o
 .text.st_word  0x08003d3e       0x36 Middlewares\Third_Party\FatFs\src\ff.o
 .text.st_dword
                0x08003d74       0x58 Middlewares\Third_Party\FatFs\src\ff.o
 .text.mem_cpy  0x08003dcc       0x42 Middlewares\Third_Party\FatFs\src\ff.o
 .text.mem_set  0x08003e0e       0x34 Middlewares\Third_Party\FatFs\src\ff.o
 .text.mem_cmp  0x08003e42       0x4e Middlewares\Third_Party\FatFs\src\ff.o
 .text.chk_chr  0x08003e90       0x36 Middlewares\Third_Party\FatFs\src\ff.o
 *fill*         0x08003ec6        0x2 
 .text.chk_lock
                0x08003ec8       0xb8 Middlewares\Third_Party\FatFs\src\ff.o
 .text.enq_lock
                0x08003f80       0x44 Middlewares\Third_Party\FatFs\src\ff.o
 .text.inc_lock
                0x08003fc4      0x11c Middlewares\Third_Party\FatFs\src\ff.o
 .text.dec_lock
                0x080040e0       0x78 Middlewares\Third_Party\FatFs\src\ff.o
 .text.clear_lock
                0x08004158       0x48 Middlewares\Third_Party\FatFs\src\ff.o
 .text.sync_window
                0x080041a0       0x88 Middlewares\Third_Party\FatFs\src\ff.o
 .text.move_window
                0x08004228       0x5a Middlewares\Third_Party\FatFs\src\ff.o
 *fill*         0x08004282        0x2 
 .text.sync_fs  0x08004284       0xdc Middlewares\Third_Party\FatFs\src\ff.o
 .text.clust2sect
                0x08004360       0x3e Middlewares\Third_Party\FatFs\src\ff.o
 .text.get_fat  0x0800439e      0x14a Middlewares\Third_Party\FatFs\src\ff.o
 .text.put_fat  0x080044e8      0x1ce Middlewares\Third_Party\FatFs\src\ff.o
 .text.remove_chain
                0x080046b6       0xca Middlewares\Third_Party\FatFs\src\ff.o
 .text.create_chain
                0x08004780      0x130 Middlewares\Third_Party\FatFs\src\ff.o
 .text.clmt_clust
                0x080048b0       0x68 Middlewares\Third_Party\FatFs\src\ff.o
 .text.dir_sdi  0x08004918       0xf6 Middlewares\Third_Party\FatFs\src\ff.o
 .text.dir_next
                0x08004a0e      0x18a Middlewares\Third_Party\FatFs\src\ff.o
 .text.dir_alloc
                0x08004b98       0x8e Middlewares\Third_Party\FatFs\src\ff.o
 .text.ld_clust
                0x08004c26       0x3e Middlewares\Third_Party\FatFs\src\ff.o
 .text.st_clust
                0x08004c64       0x40 Middlewares\Third_Party\FatFs\src\ff.o
 .text.cmp_lfn  0x08004ca4       0xe0 Middlewares\Third_Party\FatFs\src\ff.o
 .text.put_lfn  0x08004d84       0xd0 Middlewares\Third_Party\FatFs\src\ff.o
 .text.gen_numname
                0x08004e54      0x146 Middlewares\Third_Party\FatFs\src\ff.o
 .text.sum_sfn  0x08004f9a       0x42 Middlewares\Third_Party\FatFs\src\ff.o
 .text.dir_find
                0x08004fdc      0x180 Middlewares\Third_Party\FatFs\src\ff.o
 .text.dir_register
                0x0800515c      0x1f0 Middlewares\Third_Party\FatFs\src\ff.o
 .text.create_name
                0x0800534c      0x3f4 Middlewares\Third_Party\FatFs\src\ff.o
 .text.follow_path
                0x08005740       0xe2 Middlewares\Third_Party\FatFs\src\ff.o
 .text.get_ldnumber
                0x08005822       0x88 Middlewares\Third_Party\FatFs\src\ff.o
 *fill*         0x080058aa        0x2 
 .text.check_fs
                0x080058ac       0xac Middlewares\Third_Party\FatFs\src\ff.o
 .text.find_volume
                0x08005958      0x498 Middlewares\Third_Party\FatFs\src\ff.o
 .text.validate
                0x08005df0       0x6a Middlewares\Third_Party\FatFs\src\ff.o
 *fill*         0x08005e5a        0x2 
 .text.f_mount  0x08005e5c       0x8c Middlewares\Third_Party\FatFs\src\ff.o
                0x08005e5c                f_mount
 .text.f_open   0x08005ee8      0x39c Middlewares\Third_Party\FatFs\src\ff.o
                0x08005ee8                f_open
 .text.f_read   0x08006284      0x27e Middlewares\Third_Party\FatFs\src\ff.o
                0x08006284                f_read
 .text.f_write  0x08006502      0x2ea Middlewares\Third_Party\FatFs\src\ff.o
                0x08006502                f_write
 .text.f_sync   0x080067ec       0xfc Middlewares\Third_Party\FatFs\src\ff.o
                0x080067ec                f_sync
 .text.f_close  0x080068e8       0x54 Middlewares\Third_Party\FatFs\src\ff.o
                0x080068e8                f_close
 .text.FATFS_LinkDriverEx
                0x0800693c       0x98 Middlewares\Third_Party\FatFs\src\ff_gen_drv.o
                0x0800693c                FATFS_LinkDriverEx
 .text.FATFS_LinkDriver
                0x080069d4       0x1e Middlewares\Third_Party\FatFs\src\ff_gen_drv.o
                0x080069d4                FATFS_LinkDriver
 *fill*         0x080069f2        0x2 
 .text.ff_convert
                0x080069f4       0xc0 Middlewares\Third_Party\FatFs\src\option\cc936.o
                0x080069f4                ff_convert
 .text.ff_wtoupper
                0x08006ab4      0x114 Middlewares\Third_Party\FatFs\src\option\cc936.o
                0x08006ab4                ff_wtoupper
 .text.ff_memalloc
                0x08006bc8       0x18 Middlewares\Third_Party\FatFs\src\option\syscall.o
                0x08006bc8                ff_memalloc
 .text.ff_memfree
                0x08006be0       0x16 Middlewares\Third_Party\FatFs\src\option\syscall.o
                0x08006be0                ff_memfree
 *fill*         0x08006bf6        0x2 
 .text.BSP_SD_Init
                0x08006bf8       0x4c Src\bsp_driver_sd.o
                0x08006bf8                BSP_SD_Init
 .text.BSP_SD_ReadBlocks
                0x08006c44       0x3c Src\bsp_driver_sd.o
                0x08006c44                BSP_SD_ReadBlocks
 .text.BSP_SD_WriteBlocks
                0x08006c80       0x3c Src\bsp_driver_sd.o
                0x08006c80                BSP_SD_WriteBlocks
 .text.BSP_SD_GetCardState
                0x08006cbc       0x20 Src\bsp_driver_sd.o
                0x08006cbc                BSP_SD_GetCardState
 .text.BSP_SD_GetCardInfo
                0x08006cdc       0x1c Src\bsp_driver_sd.o
                0x08006cdc                BSP_SD_GetCardInfo
 .text.HAL_SD_AbortCallback
                0x08006cf8       0x14 Src\bsp_driver_sd.o
                0x08006cf8                HAL_SD_AbortCallback
 .text.HAL_SD_TxCpltCallback
                0x08006d0c       0x14 Src\bsp_driver_sd.o
                0x08006d0c                HAL_SD_TxCpltCallback
 .text.HAL_SD_RxCpltCallback
                0x08006d20       0x14 Src\bsp_driver_sd.o
                0x08006d20                HAL_SD_RxCpltCallback
 .text.BSP_SD_AbortCallback
                0x08006d34        0xe Src\bsp_driver_sd.o
                0x08006d34                BSP_SD_AbortCallback
 .text.BSP_SD_WriteCpltCallback
                0x08006d42        0xe Src\bsp_driver_sd.o
                0x08006d42                BSP_SD_WriteCpltCallback
 .text.BSP_SD_ReadCpltCallback
                0x08006d50        0xe Src\bsp_driver_sd.o
                0x08006d50                BSP_SD_ReadCpltCallback
 .text.BSP_SD_IsDetected
                0x08006d5e       0x1a Src\bsp_driver_sd.o
                0x08006d5e                BSP_SD_IsDetected
 .text.MX_DMA_Init
                0x08006d78       0x50 Src\dma.o
                0x08006d78                MX_DMA_Init
 .text.MX_FATFS_Init
                0x08006dc8       0x24 Src\fatfs.o
                0x08006dc8                MX_FATFS_Init
 .text.get_fattime
                0x08006dec       0x10 Src\fatfs.o
                0x08006dec                get_fattime
 .text.MX_GPIO_Init
                0x08006dfc       0x6c Src\gpio.o
                0x08006dfc                MX_GPIO_Init
 .text.main     0x08006e68       0xe0 Src\main.o
                0x08006e68                main
 .text.SystemClock_Config
                0x08006f48       0xd4 Src\main.o
                0x08006f48                SystemClock_Config
 .text.Error_Handler
                0x0800701c        0xe Src\main.o
                0x0800701c                Error_Handler
 *fill*         0x0800702a        0x2 
 .text.SD_CheckStatus
                0x0800702c       0x3c Src\sd_diskio.o
 .text.SD_initialize
                0x08007068       0x3c Src\sd_diskio.o
                0x08007068                SD_initialize
 .text.SD_status
                0x080070a4       0x1c Src\sd_diskio.o
                0x080070a4                SD_status
 .text.SD_read  0x080070c0       0x42 Src\sd_diskio.o
                0x080070c0                SD_read
 .text.SD_write
                0x08007102       0x42 Src\sd_diskio.o
                0x08007102                SD_write
 .text.SD_ioctl
                0x08007144       0xb0 Src\sd_diskio.o
                0x08007144                SD_ioctl
 .text.MX_SDIO_SD_Init
                0x080071f4       0x40 Src\sdio.o
                0x080071f4                MX_SDIO_SD_Init
 .text.HAL_SD_MspInit
                0x08007234      0x1e0 Src\sdio.o
                0x08007234                HAL_SD_MspInit
 .text.HAL_MspInit
                0x08007414       0x50 Src\stm32f4xx_hal_msp.o
                0x08007414                HAL_MspInit
 .text.NMI_Handler
                0x08007464        0xe Src\stm32f4xx_it.o
                0x08007464                NMI_Handler
 .text.HardFault_Handler
                0x08007472        0x6 Src\stm32f4xx_it.o
                0x08007472                HardFault_Handler
 .text.MemManage_Handler
                0x08007478        0x6 Src\stm32f4xx_it.o
                0x08007478                MemManage_Handler
 .text.BusFault_Handler
                0x0800747e        0x6 Src\stm32f4xx_it.o
                0x0800747e                BusFault_Handler
 .text.UsageFault_Handler
                0x08007484        0x6 Src\stm32f4xx_it.o
                0x08007484                UsageFault_Handler
 .text.SVC_Handler
                0x0800748a        0xe Src\stm32f4xx_it.o
                0x0800748a                SVC_Handler
 .text.DebugMon_Handler
                0x08007498        0xe Src\stm32f4xx_it.o
                0x08007498                DebugMon_Handler
 .text.PendSV_Handler
                0x080074a6        0xe Src\stm32f4xx_it.o
                0x080074a6                PendSV_Handler
 .text.SysTick_Handler
                0x080074b4        0xc Src\stm32f4xx_it.o
                0x080074b4                SysTick_Handler
 .text.SDIO_IRQHandler
                0x080074c0       0x14 Src\stm32f4xx_it.o
                0x080074c0                SDIO_IRQHandler
 .text.DMA2_Stream3_IRQHandler
                0x080074d4       0x14 Src\stm32f4xx_it.o
                0x080074d4                DMA2_Stream3_IRQHandler
 .text.DMA2_Stream6_IRQHandler
                0x080074e8       0x14 Src\stm32f4xx_it.o
                0x080074e8                DMA2_Stream6_IRQHandler
 .text._sbrk    0x080074fc       0x58 Src\syscalls.o
                0x080074fc                _sbrk
 .text.SystemInit
                0x08007554       0x6c Src\system_stm32f4xx.o
                0x08007554                SystemInit
 .text.Reset_Handler
                0x080075c0       0x50 startup\startup_stm32f407xx.o
                0x080075c0                Reset_Handler
 .text.Default_Handler
                0x08007610        0x2 startup\startup_stm32f407xx.o
                0x08007610                RTC_Alarm_IRQHandler
                0x08007610                HASH_RNG_IRQHandler
                0x08007610                EXTI2_IRQHandler
                0x08007610                TIM8_CC_IRQHandler
                0x08007610                TIM1_CC_IRQHandler
                0x08007610                DMA2_Stream5_IRQHandler
                0x08007610                DMA1_Stream5_IRQHandler
                0x08007610                PVD_IRQHandler
                0x08007610                TAMP_STAMP_IRQHandler
                0x08007610                CAN2_RX1_IRQHandler
                0x08007610                EXTI3_IRQHandler
                0x08007610                TIM8_TRG_COM_TIM14_IRQHandler
                0x08007610                TIM1_UP_TIM10_IRQHandler
                0x08007610                TIM8_UP_TIM13_IRQHandler
                0x08007610                I2C3_ER_IRQHandler
                0x08007610                EXTI0_IRQHandler
                0x08007610                I2C2_EV_IRQHandler
                0x08007610                DMA1_Stream2_IRQHandler
                0x08007610                CAN1_RX0_IRQHandler
                0x08007610                FPU_IRQHandler
                0x08007610                OTG_HS_WKUP_IRQHandler
                0x08007610                CAN2_SCE_IRQHandler
                0x08007610                DMA2_Stream2_IRQHandler
                0x08007610                SPI1_IRQHandler
                0x08007610                TIM6_DAC_IRQHandler
                0x08007610                TIM1_BRK_TIM9_IRQHandler
                0x08007610                DCMI_IRQHandler
                0x08007610                CAN2_RX0_IRQHandler
                0x08007610                USART6_IRQHandler
                0x08007610                USART3_IRQHandler
                0x08007610                CAN1_RX1_IRQHandler
                0x08007610                UART5_IRQHandler
                0x08007610                DMA2_Stream0_IRQHandler
                0x08007610                TIM4_IRQHandler
                0x08007610                I2C1_EV_IRQHandler
                0x08007610                DMA1_Stream6_IRQHandler
                0x08007610                DMA1_Stream1_IRQHandler
                0x08007610                UART4_IRQHandler
                0x08007610                TIM3_IRQHandler
                0x08007610                RCC_IRQHandler
                0x08007610                TIM8_BRK_TIM12_IRQHandler
                0x08007610                Default_Handler
                0x08007610                EXTI15_10_IRQHandler
                0x08007610                ADC_IRQHandler
                0x08007610                DMA1_Stream7_IRQHandler
                0x08007610                TIM7_IRQHandler
                0x08007610                CAN2_TX_IRQHandler
                0x08007610                TIM5_IRQHandler
                0x08007610                DMA2_Stream7_IRQHandler
                0x08007610                I2C3_EV_IRQHandler
                0x08007610                EXTI9_5_IRQHandler
                0x08007610                RTC_WKUP_IRQHandler
                0x08007610                ETH_WKUP_IRQHandler
                0x08007610                SPI2_IRQHandler
                0x08007610                OTG_HS_EP1_IN_IRQHandler
                0x08007610                DMA1_Stream0_IRQHandler
                0x08007610                CAN1_TX_IRQHandler
                0x08007610                EXTI4_IRQHandler
                0x08007610                FSMC_IRQHandler
                0x08007610                ETH_IRQHandler
                0x08007610                OTG_HS_EP1_OUT_IRQHandler
                0x08007610                WWDG_IRQHandler
                0x08007610                TIM2_IRQHandler
                0x08007610                OTG_FS_WKUP_IRQHandler
                0x08007610                TIM1_TRG_COM_TIM11_IRQHandler
                0x08007610                OTG_HS_IRQHandler
                0x08007610                EXTI1_IRQHandler
                0x08007610                USART2_IRQHandler
                0x08007610                I2C2_ER_IRQHandler
                0x08007610                DMA2_Stream1_IRQHandler
                0x08007610                CAN1_SCE_IRQHandler
                0x08007610                FLASH_IRQHandler
                0x08007610                DMA2_Stream4_IRQHandler
                0x08007610                USART1_IRQHandler
                0x08007610                OTG_FS_IRQHandler
                0x08007610                SPI3_IRQHandler
                0x08007610                DMA1_Stream4_IRQHandler
                0x08007610                I2C1_ER_IRQHandler
                0x08007610                DMA1_Stream3_IRQHandler
 *fill*         0x08007612        0x2 
 .text.__errno  0x08007614        0xc d:/truestudio for stm32 9.1.0/armtools/bin/../lib/gcc/arm-atollic-eabi/6.3.1/../../../../arm-atollic-eabi/lib/armv7e-m/fpu\libc_nano.a(lib_a-errno.o)
                0x08007614                __errno
 .text.__libc_init_array
                0x08007620       0x48 d:/truestudio for stm32 9.1.0/armtools/bin/../lib/gcc/arm-atollic-eabi/6.3.1/../../../../arm-atollic-eabi/lib/armv7e-m/fpu\libc_nano.a(lib_a-init.o)
                0x08007620                __libc_init_array
 .text.malloc   0x08007668       0x10 d:/truestudio for stm32 9.1.0/armtools/bin/../lib/gcc/arm-atollic-eabi/6.3.1/../../../../arm-atollic-eabi/lib/armv7e-m/fpu\libc_nano.a(lib_a-malloc.o)
                0x08007668                malloc
 .text.free     0x08007678       0x10 d:/truestudio for stm32 9.1.0/armtools/bin/../lib/gcc/arm-atollic-eabi/6.3.1/../../../../arm-atollic-eabi/lib/armv7e-m/fpu\libc_nano.a(lib_a-malloc.o)
                0x08007678                free
 .text.memset   0x08007688       0x10 d:/truestudio for stm32 9.1.0/armtools/bin/../lib/gcc/arm-atollic-eabi/6.3.1/../../../../arm-atollic-eabi/lib/armv7e-m/fpu\libc_nano.a(lib_a-memset.o)
                0x08007688                memset
 .text._free_r  0x08007698       0x9c d:/truestudio for stm32 9.1.0/armtools/bin/../lib/gcc/arm-atollic-eabi/6.3.1/../../../../arm-atollic-eabi/lib/armv7e-m/fpu\libc_nano.a(lib_a-nano-freer.o)
                0x08007698                _free_r
 .text._malloc_r
                0x08007734       0xbc d:/truestudio for stm32 9.1.0/armtools/bin/../lib/gcc/arm-atollic-eabi/6.3.1/../../../../arm-atollic-eabi/lib/armv7e-m/fpu\libc_nano.a(lib_a-nano-mallocr.o)
                0x08007734                _malloc_r
 .text._sbrk_r  0x080077f0       0x20 d:/truestudio for stm32 9.1.0/armtools/bin/../lib/gcc/arm-atollic-eabi/6.3.1/../../../../arm-atollic-eabi/lib/armv7e-m/fpu\libc_nano.a(lib_a-sbrkr.o)
                0x080077f0                _sbrk_r
 .text.__malloc_lock
                0x08007810        0x2 d:/truestudio for stm32 9.1.0/armtools/bin/../lib/gcc/arm-atollic-eabi/6.3.1/../../../../arm-atollic-eabi/lib/armv7e-m/fpu\libc_nano.a(lib_a-mlock.o)
                0x08007810                __malloc_lock
 .text.__malloc_unlock
                0x08007812        0x2 d:/truestudio for stm32 9.1.0/armtools/bin/../lib/gcc/arm-atollic-eabi/6.3.1/../../../../arm-atollic-eabi/lib/armv7e-m/fpu\libc_nano.a(lib_a-mlock.o)
                0x08007812                __malloc_unlock
 *(.glue_7)
 .glue_7        0x08007814        0x0 linker stubs
 *(.glue_7t)
 .glue_7t       0x08007814        0x0 linker stubs
 *(.eh_frame)
 .eh_frame      0x08007814        0x0 d:/truestudio for stm32 9.1.0/armtools/bin/../lib/gcc/arm-atollic-eabi/6.3.1/armv7e-m/fpu/crtbegin.o
 *(.init)
 .init          0x08007814        0x4 d:/truestudio for stm32 9.1.0/armtools/bin/../lib/gcc/arm-atollic-eabi/6.3.1/armv7e-m/fpu/crti.o
                0x08007814                _init
 .init          0x08007818        0x8 d:/truestudio for stm32 9.1.0/armtools/bin/../lib/gcc/arm-atollic-eabi/6.3.1/armv7e-m/fpu/crtn.o
 *(.fini)
 .fini          0x08007820        0x4 d:/truestudio for stm32 9.1.0/armtools/bin/../lib/gcc/arm-atollic-eabi/6.3.1/armv7e-m/fpu/crti.o
                0x08007820                _fini
 .fini          0x08007824        0x8 d:/truestudio for stm32 9.1.0/armtools/bin/../lib/gcc/arm-atollic-eabi/6.3.1/armv7e-m/fpu/crtn.o
                0x0800782c                . = ALIGN (0x4)
                0x0800782c                _etext = .

.vfp11_veneer   0x0800782c        0x0
 .vfp11_veneer  0x0800782c        0x0 linker stubs

.v4_bx          0x0800782c        0x0
 .v4_bx         0x0800782c        0x0 linker stubs

.iplt           0x0800782c        0x0
 .iplt          0x0800782c        0x0 d:/truestudio for stm32 9.1.0/armtools/bin/../lib/gcc/arm-atollic-eabi/6.3.1/armv7e-m/fpu/crtbegin.o

.rodata         0x0800782c    0x2ac48
                0x0800782c                . = ALIGN (0x4)
 *(.rodata)
 .rodata        0x0800782c       0x48 Middlewares\Third_Party\FatFs\src\ff.o
 .rodata        0x08007874        0xa Src\main.o
 *(.rodata*)
 *fill*         0x0800787e        0x2 
 .rodata.flagBitshiftOffset.7678
                0x08007880        0x8 Drivers\STM32F4xx_HAL_Driver\Src\stm32f4xx_hal_dma.o
 .rodata.LfnOfs
                0x08007888        0xd Middlewares\Third_Party\FatFs\src\ff.o
 *fill*         0x08007895        0x3 
 .rodata.uni2oem
                0x08007898    0x15484 Middlewares\Third_Party\FatFs\src\option\cc936.o
 .rodata.oem2uni
                0x0801cd1c    0x15484 Middlewares\Third_Party\FatFs\src\option\cc936.o
 .rodata.cvt1.8434
                0x080321a0      0x1f2 Middlewares\Third_Party\FatFs\src\option\cc936.o
 *fill*         0x08032392        0x2 
 .rodata.cvt2.8435
                0x08032394       0xbc Middlewares\Third_Party\FatFs\src\option\cc936.o
 .rodata.SD_Driver
                0x08032450       0x14 Src\sd_diskio.o
                0x08032450                SD_Driver
 .rodata.AHBPrescTable
                0x08032464       0x10 Src\system_stm32f4xx.o
                0x08032464                AHBPrescTable
                0x08032474                . = ALIGN (0x4)

.ARM.extab
 *(.ARM.extab* .gnu.linkonce.armextab.*)

.ARM            0x08032474        0x8
                0x08032474                __exidx_start = .
 *(.ARM.exidx*)
 .ARM.exidx     0x08032474        0x8 d:/truestudio for stm32 9.1.0/armtools/bin/../lib/gcc/arm-atollic-eabi/6.3.1/armv7e-m/fpu\libgcc.a(_udivmoddi4.o)
                0x0803247c                __exidx_end = .

.rel.dyn        0x0803247c        0x0
 .rel.iplt      0x0803247c        0x0 d:/truestudio for stm32 9.1.0/armtools/bin/../lib/gcc/arm-atollic-eabi/6.3.1/armv7e-m/fpu/crtbegin.o

.preinit_array  0x0803247c        0x0
                0x0803247c                PROVIDE (__preinit_array_start, .)
 *(.preinit_array*)
                0x0803247c                PROVIDE (__preinit_array_end, .)

.init_array     0x0803247c        0x4
                0x0803247c                PROVIDE (__init_array_start, .)
 *(SORT(.init_array.*))
 *(.init_array*)
 .init_array    0x0803247c        0x4 d:/truestudio for stm32 9.1.0/armtools/bin/../lib/gcc/arm-atollic-eabi/6.3.1/armv7e-m/fpu/crtbegin.o
                0x08032480                PROVIDE (__init_array_end, .)

.fini_array     0x08032480        0x4
                [!provide]                PROVIDE (__fini_array_start, .)
 *(SORT(.fini_array.*))
 *(.fini_array*)
 .fini_array    0x08032480        0x4 d:/truestudio for stm32 9.1.0/armtools/bin/../lib/gcc/arm-atollic-eabi/6.3.1/armv7e-m/fpu/crtbegin.o
                [!provide]                PROVIDE (__fini_array_end, .)
                0x08032484                _sidata = LOADADDR (.data)

.data           0x20000000       0x94 load address 0x08032484
                0x20000000                . = ALIGN (0x4)
                0x20000000                _sdata = .
 *(.data)
 *(.data*)
 .data.uwTickPrio
                0x20000000        0x4 Drivers\STM32F4xx_HAL_Driver\Src\stm32f4xx_hal.o
                0x20000000                uwTickPrio
 .data.uwTickFreq
                0x20000004        0x1 Drivers\STM32F4xx_HAL_Driver\Src\stm32f4xx_hal.o
                0x20000004                uwTickFreq
 *fill*         0x20000005        0x3 
 .data.wtext    0x20000008       0x21 Src\main.o
                0x20000008                wtext
 .data.Stat     0x20000029        0x1 Src\sd_diskio.o
 *fill*         0x2000002a        0x2 
 .data.SystemCoreClock
                0x2000002c        0x4 Src\system_stm32f4xx.o
                0x2000002c                SystemCoreClock
 .data._impure_ptr
                0x20000030        0x4 d:/truestudio for stm32 9.1.0/armtools/bin/../lib/gcc/arm-atollic-eabi/6.3.1/../../../../arm-atollic-eabi/lib/armv7e-m/fpu\libc_nano.a(lib_a-impure.o)
                0x20000030                _impure_ptr
 .data.impure_data
                0x20000034       0x60 d:/truestudio for stm32 9.1.0/armtools/bin/../lib/gcc/arm-atollic-eabi/6.3.1/../../../../arm-atollic-eabi/lib/armv7e-m/fpu\libc_nano.a(lib_a-impure.o)
                0x20000094                . = ALIGN (0x4)
                0x20000094                _edata = .
                0x08032518                _siccmram = LOADADDR (.ccmram)

.igot.plt       0x20000094        0x0 load address 0x08032518
 .igot.plt      0x20000094        0x0 d:/truestudio for stm32 9.1.0/armtools/bin/../lib/gcc/arm-atollic-eabi/6.3.1/armv7e-m/fpu/crtbegin.o

.ccmram         0x10000000        0x0 load address 0x08032518
                0x10000000                . = ALIGN (0x4)
                0x10000000                _sccmram = .
 *(.ccmram)
 *(.ccmram*)
                0x10000000                . = ALIGN (0x4)
                0x10000000                _eccmram = .
                0x10000000                . = ALIGN (0x4)

.bss            0x20000094      0x684
                0x20000094                _sbss = .
                0x20000094                __bss_start__ = _sbss
 *(.bss)
 .bss           0x20000094       0x1c d:/truestudio for stm32 9.1.0/armtools/bin/../lib/gcc/arm-atollic-eabi/6.3.1/armv7e-m/fpu/crtbegin.o
 *(.bss*)
 .bss.FatFs     0x200000b0        0x4 Middlewares\Third_Party\FatFs\src\ff.o
 .bss.Fsid      0x200000b4        0x2 Middlewares\Third_Party\FatFs\src\ff.o
 *fill*         0x200000b6        0x2 
 .bss.Files     0x200000b8       0x20 Middlewares\Third_Party\FatFs\src\ff.o
 .bss.disk      0x200000d8        0xc Middlewares\Third_Party\FatFs\src\ff_gen_drv.o
                0x200000d8                disk
 .bss.heap_end.7010
                0x200000e4        0x4 Src\syscalls.o
 .bss.__malloc_free_list
                0x200000e8        0x4 d:/truestudio for stm32 9.1.0/armtools/bin/../lib/gcc/arm-atollic-eabi/6.3.1/../../../../arm-atollic-eabi/lib/armv7e-m/fpu\libc_nano.a(lib_a-nano-mallocr.o)
                0x200000e8                __malloc_free_list
 .bss.__malloc_sbrk_start
                0x200000ec        0x4 d:/truestudio for stm32 9.1.0/armtools/bin/../lib/gcc/arm-atollic-eabi/6.3.1/../../../../arm-atollic-eabi/lib/armv7e-m/fpu\libc_nano.a(lib_a-nano-mallocr.o)
                0x200000ec                __malloc_sbrk_start
 *(COMMON)
 COMMON         0x200000f0        0x4 Drivers\STM32F4xx_HAL_Driver\Src\stm32f4xx_hal.o
                0x200000f0                uwTick
 COMMON         0x200000f4      0x46c Src\fatfs.o
                0x200000f4                retSD
                0x200000f8                SDPath
                0x200000fc                SDFile
                0x2000032c                SDFatFS
 COMMON         0x20000560       0x6d Src\main.o
                0x20000560                byteswritten
                0x20000564                bytesread
                0x20000568                rtext
                0x200005cc                res
 *fill*         0x200005cd        0x3 
 COMMON         0x200005d0      0x144 Src\sdio.o
                0x200005d0                hdma_sdio_rx
                0x20000630                hdma_sdio_tx
                0x20000690                hsd
 COMMON         0x20000714        0x4 d:/truestudio for stm32 9.1.0/armtools/bin/../lib/gcc/arm-atollic-eabi/6.3.1/../../../../arm-atollic-eabi/lib/armv7e-m/fpu\libc_nano.a(lib_a-reent.o)
                0x20000714                errno
                0x20000718                . = ALIGN (0x4)
                0x20000718                _ebss = .
                0x20000718                __bss_end__ = _ebss

._user_heap_stack
                0x20000718     0x1200
                0x20000718                . = ALIGN (0x4)
                0x20000718                PROVIDE (end, .)
                [!provide]                PROVIDE (_end, .)
                0x20000918                . = (. + _Min_Heap_Size)
 *fill*         0x20000718      0x200 
                0x20001918                . = (. + _Min_Stack_Size)
 *fill*         0x20000918     0x1000 
                0x20001918                . = ALIGN (0x4)

/DISCARD/
 libc.a(*)
 libm.a(*)
 libgcc.a(*)

.ARM.attributes
                0x00000000       0x30
 *(.ARM.attributes)
 .ARM.attributes
                0x00000000       0x22 d:/truestudio for stm32 9.1.0/armtools/bin/../lib/gcc/arm-atollic-eabi/6.3.1/armv7e-m/fpu/crti.o
 .ARM.attributes
                0x00000022       0x34 d:/truestudio for stm32 9.1.0/armtools/bin/../lib/gcc/arm-atollic-eabi/6.3.1/armv7e-m/fpu/crtbegin.o
 .ARM.attributes
                0x00000056       0x39 Drivers\STM32F4xx_HAL_Driver\Src\stm32f4xx_hal.o
 .ARM.attributes
                0x0000008f       0x39 Drivers\STM32F4xx_HAL_Driver\Src\stm32f4xx_hal_cortex.o
 .ARM.attributes
                0x000000c8       0x39 Drivers\STM32F4xx_HAL_Driver\Src\stm32f4xx_hal_dma.o
 .ARM.attributes
                0x00000101       0x39 Drivers\STM32F4xx_HAL_Driver\Src\stm32f4xx_hal_gpio.o
 .ARM.attributes
                0x0000013a       0x39 Drivers\STM32F4xx_HAL_Driver\Src\stm32f4xx_hal_rcc.o
 .ARM.attributes
                0x00000173       0x39 Drivers\STM32F4xx_HAL_Driver\Src\stm32f4xx_hal_sd.o
 .ARM.attributes
                0x000001ac       0x39 Drivers\STM32F4xx_HAL_Driver\Src\stm32f4xx_ll_sdmmc.o
 .ARM.attributes
                0x000001e5       0x39 Middlewares\Third_Party\FatFs\src\diskio.o
 .ARM.attributes
                0x0000021e       0x39 Middlewares\Third_Party\FatFs\src\ff.o
 .ARM.attributes
                0x00000257       0x39 Middlewares\Third_Party\FatFs\src\ff_gen_drv.o
 .ARM.attributes
                0x00000290       0x39 Middlewares\Third_Party\FatFs\src\option\cc936.o
 .ARM.attributes
                0x000002c9       0x39 Middlewares\Third_Party\FatFs\src\option\syscall.o
 .ARM.attributes
                0x00000302       0x39 Src\bsp_driver_sd.o
 .ARM.attributes
                0x0000033b       0x39 Src\dma.o
 .ARM.attributes
                0x00000374       0x39 Src\fatfs.o
 .ARM.attributes
                0x000003ad       0x39 Src\gpio.o
 .ARM.attributes
                0x000003e6       0x39 Src\main.o
 .ARM.attributes
                0x0000041f       0x39 Src\sd_diskio.o
 .ARM.attributes
                0x00000458       0x39 Src\sdio.o
 .ARM.attributes
                0x00000491       0x39 Src\stm32f4xx_hal_msp.o
 .ARM.attributes
                0x000004ca       0x39 Src\stm32f4xx_it.o
 .ARM.attributes
                0x00000503       0x39 Src\syscalls.o
 .ARM.attributes
                0x0000053c       0x39 Src\system_stm32f4xx.o
 .ARM.attributes
                0x00000575       0x21 startup\startup_stm32f407xx.o
 .ARM.attributes
                0x00000596       0x34 d:/truestudio for stm32 9.1.0/armtools/bin/../lib/gcc/arm-atollic-eabi/6.3.1/../../../../arm-atollic-eabi/lib/armv7e-m/fpu\libc_nano.a(lib_a-errno.o)
 .ARM.attributes
                0x000005ca       0x34 d:/truestudio for stm32 9.1.0/armtools/bin/../lib/gcc/arm-atollic-eabi/6.3.1/../../../../arm-atollic-eabi/lib/armv7e-m/fpu\libc_nano.a(lib_a-impure.o)
 .ARM.attributes
                0x000005fe       0x34 d:/truestudio for stm32 9.1.0/armtools/bin/../lib/gcc/arm-atollic-eabi/6.3.1/../../../../arm-atollic-eabi/lib/armv7e-m/fpu\libc_nano.a(lib_a-init.o)
 .ARM.attributes
                0x00000632       0x34 d:/truestudio for stm32 9.1.0/armtools/bin/../lib/gcc/arm-atollic-eabi/6.3.1/../../../../arm-atollic-eabi/lib/armv7e-m/fpu\libc_nano.a(lib_a-malloc.o)
 .ARM.attributes
                0x00000666       0x34 d:/truestudio for stm32 9.1.0/armtools/bin/../lib/gcc/arm-atollic-eabi/6.3.1/../../../../arm-atollic-eabi/lib/armv7e-m/fpu\libc_nano.a(lib_a-memset.o)
 .ARM.attributes
                0x0000069a       0x34 d:/truestudio for stm32 9.1.0/armtools/bin/../lib/gcc/arm-atollic-eabi/6.3.1/../../../../arm-atollic-eabi/lib/armv7e-m/fpu\libc_nano.a(lib_a-nano-freer.o)
 .ARM.attributes
                0x000006ce       0x34 d:/truestudio for stm32 9.1.0/armtools/bin/../lib/gcc/arm-atollic-eabi/6.3.1/../../../../arm-atollic-eabi/lib/armv7e-m/fpu\libc_nano.a(lib_a-nano-mallocr.o)
 .ARM.attributes
                0x00000702       0x34 d:/truestudio for stm32 9.1.0/armtools/bin/../lib/gcc/arm-atollic-eabi/6.3.1/../../../../arm-atollic-eabi/lib/armv7e-m/fpu\libc_nano.a(lib_a-sbrkr.o)
 .ARM.attributes
                0x00000736       0x34 d:/truestudio for stm32 9.1.0/armtools/bin/../lib/gcc/arm-atollic-eabi/6.3.1/../../../../arm-atollic-eabi/lib/armv7e-m/fpu\libc_nano.a(lib_a-mlock.o)
 .ARM.attributes
                0x0000076a       0x34 d:/truestudio for stm32 9.1.0/armtools/bin/../lib/gcc/arm-atollic-eabi/6.3.1/../../../../arm-atollic-eabi/lib/armv7e-m/fpu\libc_nano.a(lib_a-reent.o)
 .ARM.attributes
                0x0000079e       0x22 d:/truestudio for stm32 9.1.0/armtools/bin/../lib/gcc/arm-atollic-eabi/6.3.1/armv7e-m/fpu\libgcc.a(_aeabi_uldivmod.o)
 .ARM.attributes
                0x000007c0       0x34 d:/truestudio for stm32 9.1.0/armtools/bin/../lib/gcc/arm-atollic-eabi/6.3.1/armv7e-m/fpu\libgcc.a(_udivmoddi4.o)
 .ARM.attributes
                0x000007f4       0x22 d:/truestudio for stm32 9.1.0/armtools/bin/../lib/gcc/arm-atollic-eabi/6.3.1/armv7e-m/fpu\libgcc.a(_dvmd_tls.o)
 .ARM.attributes
                0x00000816       0x22 d:/truestudio for stm32 9.1.0/armtools/bin/../lib/gcc/arm-atollic-eabi/6.3.1/armv7e-m/fpu/crtn.o
OUTPUT(SDIO+FAT_NO_DMA.elf elf32-littlearm)

.debug_info     0x00000000    0x122f1
 .debug_info    0x00000000      0x920 Drivers\STM32F4xx_HAL_Driver\Src\stm32f4xx_hal.o
 .debug_info    0x00000920      0xdd7 Drivers\STM32F4xx_HAL_Driver\Src\stm32f4xx_hal_cortex.o
 .debug_info    0x000016f7      0x913 Drivers\STM32F4xx_HAL_Driver\Src\stm32f4xx_hal_dma.o
 .debug_info    0x0000200a      0x763 Drivers\STM32F4xx_HAL_Driver\Src\stm32f4xx_hal_gpio.o
 .debug_info    0x0000276d      0x8a4 Drivers\STM32F4xx_HAL_Driver\Src\stm32f4xx_hal_rcc.o
 .debug_info    0x00003011     0x178c Drivers\STM32F4xx_HAL_Driver\Src\stm32f4xx_hal_sd.o
 .debug_info    0x0000479d     0x106c Drivers\STM32F4xx_HAL_Driver\Src\stm32f4xx_ll_sdmmc.o
 .debug_info    0x00005809      0xc87 Middlewares\Third_Party\FatFs\src\diskio.o
 .debug_info    0x00006490     0x2df9 Middlewares\Third_Party\FatFs\src\ff.o
 .debug_info    0x00009289      0xc1f Middlewares\Third_Party\FatFs\src\ff_gen_drv.o
 .debug_info    0x00009ea8      0xac9 Middlewares\Third_Party\FatFs\src\option\cc936.o
 .debug_info    0x0000a971      0x98d Middlewares\Third_Party\FatFs\src\option\syscall.o
 .debug_info    0x0000b2fe      0xa7c Src\bsp_driver_sd.o
 .debug_info    0x0000bd7a      0x51a Src\dma.o
 .debug_info    0x0000c294      0xd4e Src\fatfs.o
 .debug_info    0x0000cfe2      0x32f Src\gpio.o
 .debug_info    0x0000d311     0x1739 Src\main.o
 .debug_info    0x0000ea4a      0xcbf Src\sd_diskio.o
 .debug_info    0x0000f709      0xc97 Src\sdio.o
 .debug_info    0x000103a0      0x313 Src\stm32f4xx_hal_msp.o
 .debug_info    0x000106b3      0x7a4 Src\stm32f4xx_it.o
 .debug_info    0x00010e57      0xf16 Src\syscalls.o
 .debug_info    0x00011d6d      0x505 Src\system_stm32f4xx.o
 .debug_info    0x00012272       0x7f startup\startup_stm32f407xx.o

.debug_abbrev   0x00000000     0x2b42
 .debug_abbrev  0x00000000      0x1c6 Drivers\STM32F4xx_HAL_Driver\Src\stm32f4xx_hal.o
 .debug_abbrev  0x000001c6      0x2f5 Drivers\STM32F4xx_HAL_Driver\Src\stm32f4xx_hal_cortex.o
 .debug_abbrev  0x000004bb      0x224 Drivers\STM32F4xx_HAL_Driver\Src\stm32f4xx_hal_dma.o
 .debug_abbrev  0x000006df      0x1c4 Drivers\STM32F4xx_HAL_Driver\Src\stm32f4xx_hal_gpio.o
 .debug_abbrev  0x000008a3      0x240 Drivers\STM32F4xx_HAL_Driver\Src\stm32f4xx_hal_rcc.o
 .debug_abbrev  0x00000ae3      0x238 Drivers\STM32F4xx_HAL_Driver\Src\stm32f4xx_hal_sd.o
 .debug_abbrev  0x00000d1b      0x1c8 Drivers\STM32F4xx_HAL_Driver\Src\stm32f4xx_ll_sdmmc.o
 .debug_abbrev  0x00000ee3      0x204 Middlewares\Third_Party\FatFs\src\diskio.o
 .debug_abbrev  0x000010e7      0x293 Middlewares\Third_Party\FatFs\src\ff.o
 .debug_abbrev  0x0000137a      0x231 Middlewares\Third_Party\FatFs\src\ff_gen_drv.o
 .debug_abbrev  0x000015ab      0x1db Middlewares\Third_Party\FatFs\src\option\cc936.o
 .debug_abbrev  0x00001786      0x1a3 Middlewares\Third_Party\FatFs\src\option\syscall.o
 .debug_abbrev  0x00001929      0x272 Src\bsp_driver_sd.o
 .debug_abbrev  0x00001b9b      0x102 Src\dma.o
 .debug_abbrev  0x00001c9d      0x1da Src\fatfs.o
 .debug_abbrev  0x00001e77       0xec Src\gpio.o
 .debug_abbrev  0x00001f63      0x24a Src\main.o
 .debug_abbrev  0x000021ad      0x1f5 Src\sd_diskio.o
 .debug_abbrev  0x000023a2      0x1bf Src\sdio.o
 .debug_abbrev  0x00002561       0xec Src\stm32f4xx_hal_msp.o
 .debug_abbrev  0x0000264d      0x164 Src\stm32f4xx_it.o
 .debug_abbrev  0x000027b1      0x271 Src\syscalls.o
 .debug_abbrev  0x00002a22      0x10e Src\system_stm32f4xx.o
 .debug_abbrev  0x00002b30       0x12 startup\startup_stm32f407xx.o

.debug_aranges  0x00000000      0xcc8
 .debug_aranges
                0x00000000       0xf0 Drivers\STM32F4xx_HAL_Driver\Src\stm32f4xx_hal.o
 .debug_aranges
                0x000000f0      0x118 Drivers\STM32F4xx_HAL_Driver\Src\stm32f4xx_hal_cortex.o
 .debug_aranges
                0x00000208       0x90 Drivers\STM32F4xx_HAL_Driver\Src\stm32f4xx_hal_dma.o
 .debug_aranges
                0x00000298       0x58 Drivers\STM32F4xx_HAL_Driver\Src\stm32f4xx_hal_gpio.o
 .debug_aranges
                0x000002f0       0x88 Drivers\STM32F4xx_HAL_Driver\Src\stm32f4xx_hal_rcc.o
 .debug_aranges
                0x00000378      0x168 Drivers\STM32F4xx_HAL_Driver\Src\stm32f4xx_hal_sd.o
 .debug_aranges
                0x000004e0      0x178 Drivers\STM32F4xx_HAL_Driver\Src\stm32f4xx_ll_sdmmc.o
 .debug_aranges
                0x00000658       0x48 Middlewares\Third_Party\FatFs\src\diskio.o
 .debug_aranges
                0x000006a0      0x230 Middlewares\Third_Party\FatFs\src\ff.o
 .debug_aranges
                0x000008d0       0x40 Middlewares\Third_Party\FatFs\src\ff_gen_drv.o
 .debug_aranges
                0x00000910       0x28 Middlewares\Third_Party\FatFs\src\option\cc936.o
 .debug_aranges
                0x00000938       0x28 Middlewares\Third_Party\FatFs\src\option\syscall.o
 .debug_aranges
                0x00000960       0xc0 Src\bsp_driver_sd.o
 .debug_aranges
                0x00000a20       0x20 Src\dma.o
 .debug_aranges
                0x00000a40       0x28 Src\fatfs.o
 .debug_aranges
                0x00000a68       0x20 Src\gpio.o
 .debug_aranges
                0x00000a88       0x30 Src\main.o
 .debug_aranges
                0x00000ab8       0x48 Src\sd_diskio.o
 .debug_aranges
                0x00000b00       0x30 Src\sdio.o
 .debug_aranges
                0x00000b30       0x20 Src\stm32f4xx_hal_msp.o
 .debug_aranges
                0x00000b50       0x78 Src\stm32f4xx_it.o
 .debug_aranges
                0x00000bc8       0xb0 Src\syscalls.o
 .debug_aranges
                0x00000c78       0x28 Src\system_stm32f4xx.o
 .debug_aranges
                0x00000ca0       0x28 startup\startup_stm32f407xx.o

.debug_ranges   0x00000000      0xb50
 .debug_ranges  0x00000000       0xe0 Drivers\STM32F4xx_HAL_Driver\Src\stm32f4xx_hal.o
 .debug_ranges  0x000000e0      0x108 Drivers\STM32F4xx_HAL_Driver\Src\stm32f4xx_hal_cortex.o
 .debug_ranges  0x000001e8       0x80 Drivers\STM32F4xx_HAL_Driver\Src\stm32f4xx_hal_dma.o
 .debug_ranges  0x00000268       0x48 Drivers\STM32F4xx_HAL_Driver\Src\stm32f4xx_hal_gpio.o
 .debug_ranges  0x000002b0       0x78 Drivers\STM32F4xx_HAL_Driver\Src\stm32f4xx_hal_rcc.o
 .debug_ranges  0x00000328      0x158 Drivers\STM32F4xx_HAL_Driver\Src\stm32f4xx_hal_sd.o
 .debug_ranges  0x00000480      0x168 Drivers\STM32F4xx_HAL_Driver\Src\stm32f4xx_ll_sdmmc.o
 .debug_ranges  0x000005e8       0x38 Middlewares\Third_Party\FatFs\src\diskio.o
 .debug_ranges  0x00000620      0x220 Middlewares\Third_Party\FatFs\src\ff.o
 .debug_ranges  0x00000840       0x30 Middlewares\Third_Party\FatFs\src\ff_gen_drv.o
 .debug_ranges  0x00000870       0x18 Middlewares\Third_Party\FatFs\src\option\cc936.o
 .debug_ranges  0x00000888       0x18 Middlewares\Third_Party\FatFs\src\option\syscall.o
 .debug_ranges  0x000008a0       0xb0 Src\bsp_driver_sd.o
 .debug_ranges  0x00000950       0x10 Src\dma.o
 .debug_ranges  0x00000960       0x18 Src\fatfs.o
 .debug_ranges  0x00000978       0x10 Src\gpio.o
 .debug_ranges  0x00000988       0x20 Src\main.o
 .debug_ranges  0x000009a8       0x38 Src\sd_diskio.o
 .debug_ranges  0x000009e0       0x20 Src\sdio.o
 .debug_ranges  0x00000a00       0x10 Src\stm32f4xx_hal_msp.o
 .debug_ranges  0x00000a10       0x68 Src\stm32f4xx_it.o
 .debug_ranges  0x00000a78       0xa0 Src\syscalls.o
 .debug_ranges  0x00000b18       0x18 Src\system_stm32f4xx.o
 .debug_ranges  0x00000b30       0x20 startup\startup_stm32f407xx.o

.debug_line     0x00000000     0x6825
 .debug_line    0x00000000      0x3e4 Drivers\STM32F4xx_HAL_Driver\Src\stm32f4xx_hal.o
 .debug_line    0x000003e4      0x508 Drivers\STM32F4xx_HAL_Driver\Src\stm32f4xx_hal_cortex.o
 .debug_line    0x000008ec      0x4ba Drivers\STM32F4xx_HAL_Driver\Src\stm32f4xx_hal_dma.o
 .debug_line    0x00000da6      0x3cb Drivers\STM32F4xx_HAL_Driver\Src\stm32f4xx_hal_gpio.o
 .debug_line    0x00001171      0x461 Drivers\STM32F4xx_HAL_Driver\Src\stm32f4xx_hal_rcc.o
 .debug_line    0x000015d2      0xa34 Drivers\STM32F4xx_HAL_Driver\Src\stm32f4xx_hal_sd.o
 .debug_line    0x00002006      0x660 Drivers\STM32F4xx_HAL_Driver\Src\stm32f4xx_ll_sdmmc.o
 .debug_line    0x00002666      0x2c9 Middlewares\Third_Party\FatFs\src\diskio.o
 .debug_line    0x0000292f     0x1a59 Middlewares\Third_Party\FatFs\src\ff.o
 .debug_line    0x00004388      0x2c7 Middlewares\Third_Party\FatFs\src\ff_gen_drv.o
 .debug_line    0x0000464f      0x300 Middlewares\Third_Party\FatFs\src\option\cc936.o
 .debug_line    0x0000494f      0x294 Middlewares\Third_Party\FatFs\src\option\syscall.o
 .debug_line    0x00004be3      0x36a Src\bsp_driver_sd.o
 .debug_line    0x00004f4d      0x16a Src\dma.o
 .debug_line    0x000050b7      0x2a6 Src\fatfs.o
 .debug_line    0x0000535d      0x169 Src\gpio.o
 .debug_line    0x000054c6      0x3da Src\main.o
 .debug_line    0x000058a0      0x354 Src\sd_diskio.o
 .debug_line    0x00005bf4      0x275 Src\sdio.o
 .debug_line    0x00005e69      0x176 Src\stm32f4xx_hal_msp.o
 .debug_line    0x00005fdf      0x2be Src\stm32f4xx_it.o
 .debug_line    0x0000629d      0x368 Src\syscalls.o
 .debug_line    0x00006605      0x1a1 Src\system_stm32f4xx.o
 .debug_line    0x000067a6       0x7f startup\startup_stm32f407xx.o

.debug_str      0x00000000     0x3abc
 .debug_str     0x00000000      0xb04 Drivers\STM32F4xx_HAL_Driver\Src\stm32f4xx_hal.o
                                0xb77 (size before relaxing)
 .debug_str     0x00000b04      0x4ed Drivers\STM32F4xx_HAL_Driver\Src\stm32f4xx_hal_cortex.o
                                0xc87 (size before relaxing)
 .debug_str     0x00000ff1      0x534 Drivers\STM32F4xx_HAL_Driver\Src\stm32f4xx_hal_dma.o
                                0x7c7 (size before relaxing)
 .debug_str     0x00001525      0x1de Drivers\STM32F4xx_HAL_Driver\Src\stm32f4xx_hal_gpio.o
                                0x54d (size before relaxing)
 .debug_str     0x00001703      0x2e9 Drivers\STM32F4xx_HAL_Driver\Src\stm32f4xx_hal_rcc.o
                                0x6f9 (size before relaxing)
 .debug_str     0x000019ec      0xa09 Drivers\STM32F4xx_HAL_Driver\Src\stm32f4xx_hal_sd.o
                                0xf56 (size before relaxing)
 .debug_str     0x000023f5      0x435 Drivers\STM32F4xx_HAL_Driver\Src\stm32f4xx_ll_sdmmc.o
                                0x834 (size before relaxing)
 .debug_str     0x0000282a      0x4c1 Middlewares\Third_Party\FatFs\src\diskio.o
                                0x74f (size before relaxing)
 .debug_str     0x00002ceb      0x608 Middlewares\Third_Party\FatFs\src\ff.o
                                0xce4 (size before relaxing)
 .debug_str     0x000032f3       0xa2 Middlewares\Third_Party\FatFs\src\ff_gen_drv.o
                                0x7a0 (size before relaxing)
 .debug_str     0x00003395       0x65 Middlewares\Third_Party\FatFs\src\option\cc936.o
                                0x6a6 (size before relaxing)
 .debug_str     0x000033fa       0x5a Middlewares\Third_Party\FatFs\src\option\syscall.o
                                0x695 (size before relaxing)
 .debug_str     0x00003454      0x1b5 Src\bsp_driver_sd.o
                                0x9b7 (size before relaxing)
 .debug_str     0x00003609       0x19 Src\dma.o
                                0x815 (size before relaxing)
 .debug_str     0x00003622       0x43 Src\fatfs.o
                                0x810 (size before relaxing)
 .debug_str     0x00003665       0x1b Src\gpio.o
                                0x329 (size before relaxing)
 .debug_str     0x00003680       0x52 Src\main.o
                               0x1047 (size before relaxing)
 .debug_str     0x000036d2       0x59 Src\sd_diskio.o
                                0x7c1 (size before relaxing)
 .debug_str     0x0000372b       0x41 Src\sdio.o
                                0xd9a (size before relaxing)
 .debug_str     0x0000376c       0x1b Src\stm32f4xx_hal_msp.o
                                0x335 (size before relaxing)
 .debug_str     0x00003787       0xe6 Src\stm32f4xx_it.o
                                0x7ba (size before relaxing)
 .debug_str     0x0000386d      0x20a Src\syscalls.o
                                0x85f (size before relaxing)
 .debug_str     0x00003a77       0x45 Src\system_stm32f4xx.o
                                0x3b1 (size before relaxing)

.comment        0x00000000       0x7c
 .comment       0x00000000       0x7c Drivers\STM32F4xx_HAL_Driver\Src\stm32f4xx_hal.o
                                 0x7d (size before relaxing)
 .comment       0x0000007c       0x7d Drivers\STM32F4xx_HAL_Driver\Src\stm32f4xx_hal_cortex.o
 .comment       0x0000007c       0x7d Drivers\STM32F4xx_HAL_Driver\Src\stm32f4xx_hal_dma.o
 .comment       0x0000007c       0x7d Drivers\STM32F4xx_HAL_Driver\Src\stm32f4xx_hal_gpio.o
 .comment       0x0000007c       0x7d Drivers\STM32F4xx_HAL_Driver\Src\stm32f4xx_hal_rcc.o
 .comment       0x0000007c       0x7d Drivers\STM32F4xx_HAL_Driver\Src\stm32f4xx_hal_sd.o
 .comment       0x0000007c       0x7d Drivers\STM32F4xx_HAL_Driver\Src\stm32f4xx_ll_sdmmc.o
 .comment       0x0000007c       0x7d Middlewares\Third_Party\FatFs\src\diskio.o
 .comment       0x0000007c       0x7d Middlewares\Third_Party\FatFs\src\ff.o
 .comment       0x0000007c       0x7d Middlewares\Third_Party\FatFs\src\ff_gen_drv.o
 .comment       0x0000007c       0x7d Middlewares\Third_Party\FatFs\src\option\cc936.o
 .comment       0x0000007c       0x7d Middlewares\Third_Party\FatFs\src\option\syscall.o
 .comment       0x0000007c       0x7d Src\bsp_driver_sd.o
 .comment       0x0000007c       0x7d Src\dma.o
 .comment       0x0000007c       0x7d Src\fatfs.o
 .comment       0x0000007c       0x7d Src\gpio.o
 .comment       0x0000007c       0x7d Src\main.o
 .comment       0x0000007c       0x7d Src\sd_diskio.o
 .comment       0x0000007c       0x7d Src\sdio.o
 .comment       0x0000007c       0x7d Src\stm32f4xx_hal_msp.o
 .comment       0x0000007c       0x7d Src\stm32f4xx_it.o
 .comment       0x0000007c       0x7d Src\syscalls.o
 .comment       0x0000007c       0x7d Src\system_stm32f4xx.o

.debug_frame    0x00000000     0x3338
 .debug_frame   0x00000000      0x374 Drivers\STM32F4xx_HAL_Driver\Src\stm32f4xx_hal.o
 .debug_frame   0x00000374      0x498 Drivers\STM32F4xx_HAL_Driver\Src\stm32f4xx_hal_cortex.o
 .debug_frame   0x0000080c      0x250 Drivers\STM32F4xx_HAL_Driver\Src\stm32f4xx_hal_dma.o
 .debug_frame   0x00000a5c      0x14c Drivers\STM32F4xx_HAL_Driver\Src\stm32f4xx_hal_gpio.o
 .debug_frame   0x00000ba8      0x1f8 Drivers\STM32F4xx_HAL_Driver\Src\stm32f4xx_hal_rcc.o
 .debug_frame   0x00000da0      0x65c Drivers\STM32F4xx_HAL_Driver\Src\stm32f4xx_hal_sd.o
 .debug_frame   0x000013fc      0x690 Drivers\STM32F4xx_HAL_Driver\Src\stm32f4xx_ll_sdmmc.o
 .debug_frame   0x00001a8c       0xec Middlewares\Third_Party\FatFs\src\diskio.o
 .debug_frame   0x00001b78      0xa0c Middlewares\Third_Party\FatFs\src\ff.o
 .debug_frame   0x00002584       0xc8 Middlewares\Third_Party\FatFs\src\ff_gen_drv.o
 .debug_frame   0x0000264c       0x60 Middlewares\Third_Party\FatFs\src\option\cc936.o
 .debug_frame   0x000026ac       0x58 Middlewares\Third_Party\FatFs\src\option\syscall.o
 .debug_frame   0x00002704      0x2d0 Src\bsp_driver_sd.o
 .debug_frame   0x000029d4       0x34 Src\dma.o
 .debug_frame   0x00002a08       0x4c Src\fatfs.o
 .debug_frame   0x00002a54       0x38 Src\gpio.o
 .debug_frame   0x00002a8c       0x70 Src\main.o
 .debug_frame   0x00002afc       0xe8 Src\sd_diskio.o
 .debug_frame   0x00002be4       0x78 Src\sdio.o
 .debug_frame   0x00002c5c       0x38 Src\stm32f4xx_hal_msp.o
 .debug_frame   0x00002c94      0x160 Src\stm32f4xx_it.o
 .debug_frame   0x00002df4      0x2d4 Src\syscalls.o
 .debug_frame   0x000030c8       0x58 Src\system_stm32f4xx.o
 .debug_frame   0x00003120       0x20 d:/truestudio for stm32 9.1.0/armtools/bin/../lib/gcc/arm-atollic-eabi/6.3.1/../../../../arm-atollic-eabi/lib/armv7e-m/fpu\libc_nano.a(lib_a-errno.o)
 .debug_frame   0x00003140       0x2c d:/truestudio for stm32 9.1.0/armtools/bin/../lib/gcc/arm-atollic-eabi/6.3.1/../../../../arm-atollic-eabi/lib/armv7e-m/fpu\libc_nano.a(lib_a-init.o)
 .debug_frame   0x0000316c       0x30 d:/truestudio for stm32 9.1.0/armtools/bin/../lib/gcc/arm-atollic-eabi/6.3.1/../../../../arm-atollic-eabi/lib/armv7e-m/fpu\libc_nano.a(lib_a-malloc.o)
 .debug_frame   0x0000319c       0x20 d:/truestudio for stm32 9.1.0/armtools/bin/../lib/gcc/arm-atollic-eabi/6.3.1/../../../../arm-atollic-eabi/lib/armv7e-m/fpu\libc_nano.a(lib_a-memset.o)
 .debug_frame   0x000031bc       0x38 d:/truestudio for stm32 9.1.0/armtools/bin/../lib/gcc/arm-atollic-eabi/6.3.1/../../../../arm-atollic-eabi/lib/armv7e-m/fpu\libc_nano.a(lib_a-nano-freer.o)
 .debug_frame   0x000031f4       0x2c d:/truestudio for stm32 9.1.0/armtools/bin/../lib/gcc/arm-atollic-eabi/6.3.1/../../../../arm-atollic-eabi/lib/armv7e-m/fpu\libc_nano.a(lib_a-nano-mallocr.o)
 .debug_frame   0x00003220       0x2c d:/truestudio for stm32 9.1.0/armtools/bin/../lib/gcc/arm-atollic-eabi/6.3.1/../../../../arm-atollic-eabi/lib/armv7e-m/fpu\libc_nano.a(lib_a-sbrkr.o)
 .debug_frame   0x0000324c       0x30 d:/truestudio for stm32 9.1.0/armtools/bin/../lib/gcc/arm-atollic-eabi/6.3.1/../../../../arm-atollic-eabi/lib/armv7e-m/fpu\libc_nano.a(lib_a-mlock.o)
 .debug_frame   0x0000327c       0x5c d:/truestudio for stm32 9.1.0/armtools/bin/../lib/gcc/arm-atollic-eabi/6.3.1/../../../../arm-atollic-eabi/lib/armv7e-m/fpu\libc_nano.a(lib_a-reent.o)
 .debug_frame   0x000032d8       0x2c d:/truestudio for stm32 9.1.0/armtools/bin/../lib/gcc/arm-atollic-eabi/6.3.1/armv7e-m/fpu\libgcc.a(_aeabi_uldivmod.o)
 .debug_frame   0x00003304       0x34 d:/truestudio for stm32 9.1.0/armtools/bin/../lib/gcc/arm-atollic-eabi/6.3.1/armv7e-m/fpu\libgcc.a(_udivmoddi4.o)
